hm_code	count	description
10	3	Forward strand; Correct orientation; Already harmonised
11	2	Forward strand; Flipped orientation; Requires harmonisation
12	2	Reverse strand; Correct orientation; Already harmonised
13	2	Reverse strand; Flipped orientation; Requires harmonisation
15	6	No matching variants in reference VCF; Cannot harmonise
8	5	Palindromic; Assume reverse strand; Flipped orientation; Requires harmonisation
7	2	Palindromic; Assume reverse strand; Correct orientation; Already harmonised
16	1	Multiple matching variants in reference VCF (ambiguous); Cannot harmonise
14	2	Required fields are not known; Cannot harmonise
