Forward strand variant	6
Invalid variant for harmonisation	3
No VCF record found	9
Palindormic variant	7
Reverse strand variant	4
