hm_code	count	description
9	7	Palindromic; Drop palindromic; Will not harmonise
10	3	Forward strand; Correct orientation; Already harmonised
11	2	Forward strand; Flipped orientation; Requires harmonisation
12	2	Reverse strand; Correct orientation; Already harmonised
13	2	Reverse strand; Flipped orientation; Requires harmonisation
14	2	Required fields are not known; Cannot harmonise
15	6	No matching variants in reference VCF; Cannot harmonise
16	1	Multiple matching variants in reference VCF (ambiguous); Cannot harmonise
