Forward strand variant	5
Reverse strand variant	4
No VCF record found	6
Palindormic variant	7
